# 命令行

```bash
cd mysql安装目录/bin
mysql -uroot -p
mysql -uroot -ppassword

# 创建数据库
create database tlga_oa default character set utf8 collate utf8_general_ci;
create database tlga_eflow default character set utf8 collate utf8_general_ci;

# 版本号
mysql> select version();
mysql> select @@version;
mysql> show variables like "%version%";
```

> [!TIP]
>
> 在命令行中使用密码时：`mysql -uroot -ppassword`，如果密码中包含特殊字符，使用`\`进行转义：
>
> ```bash
> mysql -uroot -ppas\(\!sword
> ```
>
> `mysqldump`同理。

# 授权

### 查看授权

```bash
mysql> show grants for 'root'@'192.168.126.125';
+---------------------------------------------------------+
| Grants for root@192.168.126.125                         |
+---------------------------------------------------------+
| GRANT ALL PRIVILEGES ON *.* TO 'root'@'192.168.126.125' |
+---------------------------------------------------------+
```

### 创建用户

> 新创建的用户默认没有权限

```bash
mysql> create user "haidon" identified by "123456";       -- 此时密码为123456，host值为%。
mysql> create user "haidon"@"%" identified by "123456";   -- 此时密码为123456
mysql> create user "haidon"@"192.168.126.125" identified by "123456";   -- 此时密码为123456
```

### 授权

> all privileges：所有权限。
> select：读取权限。
> create：创建权限。
> delete：删除权限。
> update：更新权限。
> drop：删除数据库、数据表权限。

```bash
mysql> grant all privileges on *.* to '用户名'@'指定ip' identified by '用户密码';
mysql> grant all privileges on test.test to '用户名'@'指定ip' identified by '用户密码';
mysql> grant all privileges on tornado.* to 'haidon'@'%' identified by '123456';
```

### 删除授权

```bash
mysql> revoke select on tornado.* from "haidon"@"%";
mysql> revoke all on tornado.* from "haidon"@"%";
```

### 删除用户

```bash
mysql> drop user "haidon"@"%";
```

### 刷新权限

```bash
mysql> flush privileges;
```

> [mysql实现添加用户并授权-mysql教程-PHP中文网](https://www.php.cn/mysql-tutorials-441823.html)

# 密码

```sql
-- 修改密码
set password for root@localhost = password('123456');
```

> [修改mysql米面_MySQL如何修改密码_是米斯呀的博客-CSDN博客](https://blog.csdn.net/weixin_29111953/article/details/113649983)

# 备份还原

### 备份

```bash
# 全库
mysqldump -uroot -p -A > bak.sql
# 仅表结构
mysqldump -uroot -p -A -d > bak.sql
# 仅表数据
mysqldump -uroot -p -A -t > bak.sql
# 单个数据库
mysqldump -uroot -p db1 > bak.sql
# 单个数据库表结构
mysqldump -uroot -p db1 -d > bak.sql
# 远端
mysqldump -h192.168.3.200 -uroot -p db1 > bak.sql
```

```bash
# 包含时间触发器
  -E, --events        Dump events.
# 包含函数和存储过程
  -R, --routines      Dump stored routines (functions and procedures).
# 包含创建数据库的语句，--databases同理
  -A, --all-databases Dump all the databases. This will be same as --databases
                      with all databases selected.
```



> [!TIP]
>
> 使用参数`--all-databases`进行全库备份时，
>
> - information_schema：不备份
> - mysql：备份
> - performance_schema：不备份

### 备份锁表导致卡住的问题

```bash
mysqldump -uroot -p db1 -R -E --single-transaction > /home/websvr/bak.sql
```

> 分析
> 备份一个库：`mysqldump -hhost -uroot -ppassword dbname > /opt/backup.sql`
>
> 直接使用上述语句备份数据库，存在的问题是：备份完成之前，会把所有的表锁住，导致无法写入。。
>
> 这在生产环境下是不可接受的，而且这才20+G，后续数据库Size会越来越大，备份的时间必然也越长。。
>
> 那么，有没有一种方法在完成备份的同时并不锁定表呢？？往下看。
>
> 解决
> 在使用`mysqldump`备份时，加一个参数：`--single-transaction`，这样，便可以在备份库的时候并不锁定数据表。
>
> ```bash
> mysqldump -hhost -uroot -ppassword --single-transaction dbname > /opt/backup.sql
> ```
>
> 原理说明：
>
> ```bash
> Some internals on how this actually works - before the utility starts fetching data from the server, it sends it a START TRANSACTION command. This command serves few goals in this case. The first one, is to have a consistent backup created, from a specific point in time, regardless of changes that occur after the backup started. The second goal is to prevent those locks from happening, as we are performing our actions as part of a database transaction.
> ```
>
> 
>
> > [!NOTE]
> > 仅对支持事务的表有效，比如InnoDB，对非事务型的表比如MyISAM则没有效果。
>
> 另外需要注意的是，当使用--single-transaction这个参数备份大型数据库时，可考虑和--quick参数结合使用。--quick可以让mysqldump在备份的过程中每次只取一行数据，而不是把所有行都缓存到内存里，这主要考虑了服务器内存限制，以防备份失败。
>
> ```bash
> mysqldump -hhost -uroot -ppassword --single-transaction --quick dbname > /opt/backup.sql
> ```
>
> 这样，在备份时并不会对数据表加锁，线上业务完全不受影响，经测试，备份耗时基本不变。
>
> [mysqldump备份时导致所有数据表锁定，无法提供服务_mysqldump 锁表-CSDN博客](https://blog.csdn.net/u013810234/article/details/105978479)

> [mysqldump引发数据库不可读写的血案 - 知乎 (zhihu.com)](https://zhuanlan.zhihu.com/p/347105199)

### 还原

```bash
mysql -uroot -p < bak.sql
# mysql命令行
mysql> source /usr/local/bak.sql
```

> [MySQL定时备份数据库（全库备份） - letcafe - 博客园 (cnblogs.com)](https://www.cnblogs.com/letcafe/p/mysqlautodump.html)

# MySQL 8 新增用户和授权

```
mysql -uroot -p
Enter password: 
Welcome to the MySQL monitor.  Commands end with ; or \g.
Your MySQL connection id is 3727
Server version: 8.4.3 MySQL Community Server - GPL

Copyright (c) 2000, 2024, Oracle and/or its affiliates.

Oracle is a registered trademark of Oracle Corporation and/or its
affiliates. Other names may be trademarks of their respective
owners.

Type 'help;' or '\h' for help. Type '\c' to clear the current input statement.

mysql> show grants for 'kdaf_prod'@'%';
+---------------------------------------+
| Grants for kdaf_prod@%                |
+---------------------------------------+
| GRANT USAGE ON *.* TO `kdaf_prod`@`%` |
+---------------------------------------+
1 row in set (0.00 sec)

mysql> show grants for 'kdaf_prod'@'172.16.4.%';
+------------------------------------------------+
| Grants for kdaf_prod@172.16.4.%                |
+------------------------------------------------+
| GRANT USAGE ON *.* TO `kdaf_prod`@`172.16.4.%` |
+------------------------------------------------+
1 row in set (0.00 sec)

mysql> grant all privileges on *.* to 'kdaf_prod'@'172.16.4.%';
Query OK, 0 rows affected (0.01 sec)

mysql> flush privileges;
Query OK, 0 rows affected (0.01 sec)

mysql> create user 'kdaf_prod'@'192.168.2.%';
Query OK, 0 rows affected (0.00 sec)

mysql> grant all privileges on *.* to 'kdaf_prod'@'192.168.2.%';
Query OK, 0 rows affected (0.01 sec)

mysql> flush privileges;
Query OK, 0 rows affected (0.00 sec)

mysql> grant all privileges on *.* to 'kdaf_prod'@'%';
Query OK, 0 rows affected (0.01 sec)

mysql> flush privileges;
Query OK, 0 rows affected (0.01 sec)

mysql> drop user 'kdaf_prod'@'%';
Query OK, 0 rows affected, 1 warning (0.01 sec)

mysql> drop user 'kdaf_prod'@'192.168.2.%';
Query OK, 0 rows affected (0.01 sec)

mysql> create user 'kdaf_prod'@'192.168.95.%';
Query OK, 0 rows affected (0.01 sec)

mysql> grant all privileges on *.* to 'kdaf_prod'@'192.168.95.%';
Query OK, 0 rows affected (0.01 sec)

mysql> flush privileges;
Query OK, 0 rows affected (0.01 sec)

mysql> alert user identified by 'p8ESXYJ!WCL@t7@Y';
ERROR 1064 (42000): You have an error in your SQL syntax; check the manual that corresponds to your MySQL server version for the right syntax to use near 'alert user identified by 'p8ESXYJ!WCL@t7@Y'' at line 1
mysql> alert user 'kdaf_prod'@'192.168.95.%' identified by 'p8ESXYJ!WCL@t7@Y';
ERROR 1064 (42000): You have an error in your SQL syntax; check the manual that corresponds to your MySQL server version for the right syntax to use near 'alert user 'kdaf_prod'@'192.168.95.%' identified by 'p8ESXYJ!WCL@t7@Y'' at line 1
mysql> alter user 'kdaf_prod'@'192.168.95.%' identified by 'p8ESXYJ!WCL@t7@Y';
Query OK, 0 rows affected (0.01 sec)

mysql> show grants for 'kdaf_prod'@'172.16.4.%';
+---------------------------------------------------------------------------------------------------------------------------------------------------------------------------------------------------------------------------------------------------------------------------------------------------------------------------------------------------------------------------------------------------------------------------------------------------------------------------------------------------------------------------------------------------------------------------------------------------------------------------------------------------------------------------------------------------------------------------------------------------------------------------------------------------------------------------------------------------------------------------+
| Grants for kdaf_prod@172.16.4.%                                                                                                                                                                                                                                                                                                                                                                                                                                                                                                                                                                                                                                                                                                                                                                                                                                           |
+---------------------------------------------------------------------------------------------------------------------------------------------------------------------------------------------------------------------------------------------------------------------------------------------------------------------------------------------------------------------------------------------------------------------------------------------------------------------------------------------------------------------------------------------------------------------------------------------------------------------------------------------------------------------------------------------------------------------------------------------------------------------------------------------------------------------------------------------------------------------------+
| GRANT SELECT, INSERT, UPDATE, DELETE, CREATE, DROP, RELOAD, SHUTDOWN, PROCESS, FILE, REFERENCES, INDEX, ALTER, SHOW DATABASES, SUPER, CREATE TEMPORARY TABLES, LOCK TABLES, EXECUTE, REPLICATION SLAVE, REPLICATION CLIENT, CREATE VIEW, SHOW VIEW, CREATE ROUTINE, ALTER ROUTINE, CREATE USER, EVENT, TRIGGER, CREATE TABLESPACE, CREATE ROLE, DROP ROLE ON *.* TO `kdaf_prod`@`172.16.4.%`                                                                                                                                                                                                                                                                                                                                                                                                                                                                              |
| GRANT ALLOW_NONEXISTENT_DEFINER,APPLICATION_PASSWORD_ADMIN,AUDIT_ABORT_EXEMPT,AUDIT_ADMIN,AUTHENTICATION_POLICY_ADMIN,BACKUP_ADMIN,BINLOG_ADMIN,BINLOG_ENCRYPTION_ADMIN,CLONE_ADMIN,CONNECTION_ADMIN,ENCRYPTION_KEY_ADMIN,FIREWALL_EXEMPT,FLUSH_OPTIMIZER_COSTS,FLUSH_PRIVILEGES,FLUSH_STATUS,FLUSH_TABLES,FLUSH_USER_RESOURCES,GROUP_REPLICATION_ADMIN,GROUP_REPLICATION_STREAM,INNODB_REDO_LOG_ARCHIVE,INNODB_REDO_LOG_ENABLE,OPTIMIZE_LOCAL_TABLE,PASSWORDLESS_USER_ADMIN,PERSIST_RO_VARIABLES_ADMIN,REPLICATION_APPLIER,REPLICATION_SLAVE_ADMIN,RESOURCE_GROUP_ADMIN,RESOURCE_GROUP_USER,ROLE_ADMIN,SENSITIVE_VARIABLES_OBSERVER,SERVICE_CONNECTION_ADMIN,SESSION_VARIABLES_ADMIN,SET_ANY_DEFINER,SHOW_ROUTINE,SYSTEM_USER,SYSTEM_VARIABLES_ADMIN,TABLE_ENCRYPTION_ADMIN,TELEMETRY_LOG_ADMIN,TRANSACTION_GTID_TAG,XA_RECOVER_ADMIN ON *.* TO `kdaf_prod`@`172.16.4.%` |
+---------------------------------------------------------------------------------------------------------------------------------------------------------------------------------------------------------------------------------------------------------------------------------------------------------------------------------------------------------------------------------------------------------------------------------------------------------------------------------------------------------------------------------------------------------------------------------------------------------------------------------------------------------------------------------------------------------------------------------------------------------------------------------------------------------------------------------------------------------------------------+
2 rows in set (0.00 sec)

mysql> SELECT User, Host FROM mysql.user;
+------------------+--------------+
| User             | Host         |
+------------------+--------------+
| kdaf_prod        | 172.16.4.%   |
| kdaf_prod        | 192.168.95.% |
| mysql.infoschema | localhost    |
| mysql.session    | localhost    |
| mysql.sys        | localhost    |
| root             | localhost    |
+------------------+--------------+
6 rows in set (0.00 sec)

mysql> 


drop view if exists kdaf_prod.act_id_group;
CREATE DEFINER='kdaf_prod'@'172.16.4.%' VIEW kdaf_prod.act_id_group AS
select `r`.`role_key` AS `ID_`,NULL AS `REV_`,`r`.`role_name` AS `NAME_`,'assignment' AS `TYPE_` from `sys_role` `r`;

drop view if exists kdaf_prod.act_id_membership;
CREATE DEFINER='kdaf_prod'@'172.16.4.%' VIEW kdaf_prod.act_id_membership AS
select (select `u`.`user_name` from `sys_user` `u` where (`u`.`user_id` = `ur`.`user_id`)) AS `USER_ID_`,(select `r`.`role_key` from `sys_role` `r` where (`r`.`role_id` = `ur`.`role_id`)) AS `GROUP_ID_` from `sys_user_role` `ur`;

drop view if exists kdaf_prod.act_id_user;
CREATE DEFINER='kdaf_prod'@'172.16.4.%' VIEW kdaf_prod.act_id_user AS
select `u`.`user_name` AS `ID_`,0 AS `REV_`,`u`.`nick_name` AS `FIRST_`,'' AS `LAST_`,`u`.`email` AS `EMAIL_`,`u`.`password` AS `PWD_`,'' AS `PICTURE_ID_` from `sys_user` `u`;
```

